// Jest Snapshot v1, https://goo.gl/fbAQLP

exports[`test AuthInput component should match snapshot 1`] = `
<DocumentFragment>
  <label
    class="label "
    for="testID"
  >
    <span
      class="visually-hidden"
    >
      test label
    </span>
    <span
      class="error"
      data-testid="error"
    />
    <input
      class="input "
      id="testID"
      name="test name"
      placeholder="enter test text"
      type="text"
      value=""
    />
  </label>
</DocumentFragment>
`;
