// Jest Snapshot v1, https://goo.gl/fbAQLP

exports[`test FirstNameAuthInput component should match snapshot 1`] = `
<DocumentFragment>
  <label
    class="label "
    for="firstName"
  >
    <span
      class="visually-hidden"
    >
      First name
    </span>
    <span
      class="error"
      data-testid="error"
    />
    <input
      class="input "
      id="firstName"
      name="FIRST_NAME"
      placeholder="First name"
      type="text"
      value=""
    />
  </label>
</DocumentFragment>
`;
