// Jest Snapshot v1, https://goo.gl/fbAQLP

exports[`test ConfirmAuthInput component should match snapshot 1`] = `
<Memo(AuthInput)
  error=""
  extensionContainerClass="testContainerClass"
  extensionInputClass="testInputClass"
  id="confirm"
  isValid={false}
  label="Confirm password"
  name="CONFIRM"
  onInputChange={[Function]}
  placeholder="Confirm password"
  type="password"
  value=""
/>
`;
