// Jest Snapshot v1, https://goo.gl/fbAQLP

exports[`test EmailAuthInput component should match snapshot 1`] = `
<DocumentFragment>
  <label
    class="label "
    for="email"
  >
    <span
      class="visually-hidden"
    >
      Email
    </span>
    <span
      class="error"
      data-testid="error"
    />
    <input
      class="input "
      id="email"
      name="EMAIL"
      placeholder="Email"
      type="email"
      value=""
    />
  </label>
</DocumentFragment>
`;
