// Jest Snapshot v1, https://goo.gl/fbAQLP

exports[`test PasswordAuthInput component should match snapshot 1`] = `
<Memo(AuthInput)
  error=""
  extensionContainerClass="testContainerClass"
  extensionInputClass="testInputClass"
  id="password"
  isValid={false}
  label="Password"
  name="PASSWORD"
  onInputChange={[Function]}
  placeholder="Password"
  type="password"
  value=""
/>
`;
