// Jest Snapshot v1, https://goo.gl/fbAQLP

exports[`test PasswordAuthInput component should match snapshot 1`] = `
<DocumentFragment>
  <label
    class="label "
    for="password"
  >
    <span
      class="visually-hidden"
    >
      Password
    </span>
    <span
      class="error"
      data-testid="error"
    />
    <input
      class="input "
      id="password"
      name="PASSWORD"
      placeholder="Password"
      type="password"
      value=""
    />
  </label>
</DocumentFragment>
`;
