// Jest Snapshot v1, https://goo.gl/fbAQLP

exports[`test LastNameAuthInput component should match snapshot 1`] = `
<DocumentFragment>
  <label
    class="label "
    for="lastName"
  >
    <span
      class="visually-hidden"
    >
      Last name
    </span>
    <span
      class="error"
      data-testid="error"
    />
    <input
      class="input "
      id="lastName"
      name="LAST_NAME"
      placeholder="Last name"
      type="text"
      value=""
    />
  </label>
</DocumentFragment>
`;
