// Jest Snapshot v1, https://goo.gl/fbAQLP

exports[`test LastNameAuthInput component should match snapshot 1`] = `
<Memo(AuthInput)
  error=""
  extensionContainerClass="testContainerClass"
  extensionInputClass="testInputClass"
  id="lastName"
  isValid={false}
  label="Last name"
  name="LAST_NAME"
  onInputChange={[Function]}
  placeholder="Last name"
  type="text"
  value=""
/>
`;
